.\gradlew.bat : WARNING: A restricted method in java.lang.System has been called
At line:1 char:1
+ .\gradlew.bat :app:compileDebugKotlin > build_output.log 2>&1
+ ~~~~~~~~~~~~~~~~~~~~~~~~~~~~~~~~~~~~~~~~~~~~~~~~~~~~~~~~~~~~~
    + CategoryInfo          : NotSpecified: (WARNING: A rest...has been called:S 
   tring) [], RemoteException
    + FullyQualifiedErrorId : NativeCommandError
 
WARNING: java.lang.System::load has been called by 
net.rubygrapefruit.platform.internal.NativeLibraryLoader in an unnamed module (fi
le:/C:/Users/PC-1802/.gradle/wrapper/dists/gradle-8.12-bin/cetblhg4pflnnks72fxwob
vgv/gradle-8.12/lib/native-platform-0.22-milestone-27.jar)
WARNING: Use --enable-native-access=ALL-UNNAMED to avoid a warning for callers 
in this module
WARNING: Restricted methods will be blocked in a future release unless native 
access is enabled

> Task :app:checkKotlinGradlePluginConfigurationErrors SKIPPED
> Task :app:preBuild UP-TO-DATE
> Task :app:preDebugBuild UP-TO-DATE
> Task :app:checkDebugAarMetadata UP-TO-DATE
> Task :app:generateDebugResValues UP-TO-DATE
> Task :app:mapDebugSourceSetPaths UP-TO-DATE
> Task :app:generateDebugResources UP-TO-DATE
> Task :app:mergeDebugResources UP-TO-DATE
> Task :app:packageDebugResources UP-TO-DATE
> Task :app:parseDebugLocalResources UP-TO-DATE
> Task :app:createDebugCompatibleScreenManifests UP-TO-DATE
> Task :app:extractDeepLinksDebug UP-TO-DATE
> Task :app:processDebugMainManifest UP-TO-DATE
> Task :app:processDebugManifest UP-TO-DATE
> Task :app:processDebugManifestForPackage UP-TO-DATE
> Task :app:processDebugResources UP-TO-DATE

> Task :app:compileDebugKotlin FAILED
e: file:///C:/Users/PC-1802/Documents/GitHub/CP213_169LearnAndroid/lab/app/src/ma
in/java/com/example/a169lablearnandroid/SensorTracker.kt:10:19 Unresolved 
reference 'android'.
e: file:///C:/Users/PC-1802/Documents/GitHub/CP213_169LearnAndroid/lab/app/src/ma
in/java/com/example/a169lablearnandroid/SensorTracker.kt:11:19 Unresolved 
reference 'android'.
e: file:///C:/Users/PC-1802/Documents/GitHub/CP213_169LearnAndroid/lab/app/src/ma
in/java/com/example/a169lablearnandroid/SensorTracker.kt:12:19 Unresolved 
reference 'android'.
e: file:///C:/Users/PC-1802/Documents/GitHub/CP213_169LearnAndroid/lab/app/src/ma
in/java/com/example/a169lablearnandroid/SensorTracker.kt:13:19 Unresolved 
reference 'android'.
e: file:///C:/Users/PC-1802/Documents/GitHub/CP213_169LearnAndroid/lab/app/src/ma
in/java/com/example/a169lablearnandroid/SensorTracker.kt:14:19 Unresolved 
reference 'android'.
e: file:///C:/Users/PC-1802/Documents/GitHub/CP213_169LearnAndroid/lab/app/src/ma
in/java/com/example/a169lablearnandroid/SensorTracker.kt:15:19 Unresolved 
reference 'android'.
e: file:///C:/Users/PC-1802/Documents/GitHub/CP213_169LearnAndroid/lab/app/src/ma
in/java/com/example/a169lablearnandroid/SensorTracker.kt:22:38 Unresolved 
reference 'FusedLocationProviderClient'.
e: file:///C:/Users/PC-1802/Documents/GitHub/CP213_169LearnAndroid/lab/app/src/ma
in/java/com/example/a169lablearnandroid/SensorTracker.kt:22:68 Unresolved 
reference 'LocationServices'.
e: file:///C:/Users/PC-1802/Documents/GitHub/CP213_169LearnAndroid/lab/app/src/ma
in/java/com/example/a169lablearnandroid/SensorTracker.kt:23:35 Unresolved 
reference 'LocationCallback'.
e: file:///C:/Users/PC-1802/Documents/GitHub/CP213_169LearnAndroid/lab/app/src/ma
in/java/com/example/a169lablearnandroid/SensorTracker.kt:45:35 Unresolved 
reference 'LocationRequest'.
e: file:///C:/Users/PC-1802/Documents/GitHub/CP213_169LearnAndroid/lab/app/src/ma
in/java/com/example/a169lablearnandroid/SensorTracker.kt:45:59 Unresolved 
reference 'Priority'.
e: file:///C:/Users/PC-1802/Documents/GitHub/CP213_169LearnAndroid/lab/app/src/ma
in/java/com/example/a169lablearnandroid/SensorTracker.kt:49:41 Unresolved 
reference 'LocationCallback'.
e: file:///C:/Users/PC-1802/Documents/GitHub/CP213_169LearnAndroid/lab/app/src/ma
in/java/com/example/a169lablearnandroid/SensorTracker.kt:50:17 
'onLocationResult' overrides nothing.
e: file:///C:/Users/PC-1802/Documents/GitHub/CP213_169LearnAndroid/lab/app/src/ma
in/java/com/example/a169lablearnandroid/SensorTracker.kt:50:63 Unresolved 
reference 'LocationResult'.
e: file:///C:/Users/PC-1802/Documents/GitHub/CP213_169LearnAndroid/lab/app/src/ma
in/java/com/example/a169lablearnandroid/SensorTracker.kt:51:36 Unresolved 
reference 'lastLocation'.
e: file:///C:/Users/PC-1802/Documents/GitHub/CP213_169LearnAndroid/lab/app/src/ma
in/java/com/example/a169lablearnandroid/SensorTracker.kt:51:50 Cannot infer type 
for this parameter. Please specify it explicitly.
e: file:///C:/Users/PC-1802/Documents/GitHub/CP213_169LearnAndroid/lab/app/src/ma
in/java/com/example/a169lablearnandroid/SensorTracker.kt:51:56 Cannot infer type 
for this parameter. Please specify it explicitly.
e: file:///C:/Users/PC-1802/Documents/GitHub/CP213_169LearnAndroid/lab/app/src/ma
in/java/com/example/a169lablearnandroid/SensorTracker.kt:52:52 Unresolved 
reference 'latitude'.
e: file:///C:/Users/PC-1802/Documents/GitHub/CP213_169LearnAndroid/lab/app/src/ma
in/java/com/example/a169lablearnandroid/SensorTracker.kt:52:71 Unresolved 
reference 'longitude'.
e: file:///C:/Users/PC-1802/Documents/GitHub/CP213_169LearnAndroid/lab/app/src/ma
in/java/com/example/a169lablearnandroid/SensorTracker.kt:58:37 Unresolved 
reference 'requestLocationUpdates'.
e: file:///C:/Users/PC-1802/Documents/GitHub/CP213_169LearnAndroid/lab/app/src/ma
in/java/com/example/a169lablearnandroid/SensorTracker.kt:74:27 Cannot infer type 
for this parameter. Please specify it explicitly.
e: file:///C:/Users/PC-1802/Documents/GitHub/CP213_169LearnAndroid/lab/app/src/ma
in/java/com/example/a169lablearnandroid/SensorTracker.kt:74:27 Unresolved 
reference. None of the following candidates is applicable because of a receiver 
type mismatch:
fun <T, R> T.let(block: (T) -> R): R
    [R|Contract description]
     <
        CallsInPlace(block, EXACTLY_ONCE)
    >
e: file:///C:/Users/PC-1802/Documents/GitHub/CP213_169LearnAndroid/lab/app/src/ma
in/java/com/example/a169lablearnandroid/SensorTracker.kt:74:31 Cannot infer type 
for this parameter. Please specify it explicitly.
e: file:///C:/Users/PC-1802/Documents/GitHub/CP213_169LearnAndroid/lab/app/src/ma
in/java/com/example/a169lablearnandroid/SensorTracker.kt:75:33 Unresolved 
reference 'removeLocationUpdates'.

FAILURE: Build failed with an exception.

* What went wrong:
Execution failed for task ':app:compileDebugKotlin'.
> A failure occurred while executing org.jetbrains.kotlin.compilerRunner.GradleCo
mpilerRunnerWithWorkers$GradleKotlinCompilerWorkAction
   > Compilation error. See log for more details

* Try:
> Run with --stacktrace option to get the stack trace.
> Run with --info or --debug option to get more log output.
> Run with --scan to get full insights.
> Get more help at https://help.gradle.org.

BUILD FAILED in 6s
14 actionable tasks: 1 executed, 13 up-to-date
